exports[`PokemonAccordion render correctly 1`] = `
<div
  className="panel-group"
  role="tablist">
  <div
    className="panel panel-default"
    id={null}>
    <div
      className="panel-heading">
      <h4
        className="panel-title"
        role="presentation">
        <a
          aria-controls={undefined}
          aria-expanded={false}
          aria-selected={false}
          className="collapsed"
          href={undefined}
          onClick={[Function]}
          role="tab">
          bulbasaur
        </a>
      </h4>
    </div>
    <div
      aria-expanded={null}
      aria-hidden={true}
      className="panel-collapse collapse"
      id={undefined}
      role="tabpanel">
      <div
        className="panel-body">
        <div
          className="container">
          <div
            className="show-grid row">
            <div
              className="col-md-2 col-xs-3">
              <b>
                Nome: 
              </b>
            </div>
            <div
              className="col-md-1 col-xs-2">
              <b>
                CP: 
              </b>
            </div>
            <div
              className="col-md-1 col-xs-2">
              <b>
                Altura: 
              </b>
            </div>
            <div
              className="col-md-1 col-xs-2">
              <b>
                Peso: 
              </b>
            </div>
            <div
              className="col-md-1 col-xs-2">
              <b>
                Ordem: 
              </b>
            </div>
          </div>
          <div
            className="show-grid row">
            <div
              className="col-md-2 col-xs-3">
              bulbasaur
            </div>
            <div
              className="col-md-1 col-xs-2">
              64
            </div>
            <div
              className="col-md-1 col-xs-2">
              7
            </div>
            <div
              className="col-md-1 col-xs-2">
              69
            </div>
            <div
              className="col-md-1 col-xs-2">
              1
            </div>
          </div>
        </div>
      </div>
    </div>
  </div>
  <div
    className="panel panel-default"
    id={null}>
    <div
      className="panel-heading">
      <h4
        className="panel-title"
        role="presentation">
        <a
          aria-controls={undefined}
          aria-expanded={false}
          aria-selected={false}
          className="collapsed"
          href={undefined}
          onClick={[Function]}
          role="tab">
          ivysaur
        </a>
      </h4>
    </div>
    <div
      aria-expanded={null}
      aria-hidden={true}
      className="panel-collapse collapse"
      id={undefined}
      role="tabpanel">
      <div
        className="panel-body">
        <div
          className="container">
          <div
            className="show-grid row">
            <div
              className="col-md-2 col-xs-3">
              <b>
                Nome: 
              </b>
            </div>
            <div
              className="col-md-1 col-xs-2">
              <b>
                CP: 
              </b>
            </div>
            <div
              className="col-md-1 col-xs-2">
              <b>
                Altura: 
              </b>
            </div>
            <div
              className="col-md-1 col-xs-2">
              <b>
                Peso: 
              </b>
            </div>
            <div
              className="col-md-1 col-xs-2">
              <b>
                Ordem: 
              </b>
            </div>
          </div>
          <div
            className="show-grid row">
            <div
              className="col-md-2 col-xs-3">
              bulbasaur
            </div>
            <div
              className="col-md-1 col-xs-2">
              64
            </div>
            <div
              className="col-md-1 col-xs-2">
              7
            </div>
            <div
              className="col-md-1 col-xs-2">
              69
            </div>
            <div
              className="col-md-1 col-xs-2">
              1
            </div>
          </div>
        </div>
      </div>
    </div>
  </div>
</div>
`;
