exports[`PokemonAccordion render correctly 1`] = `
<div>
  <div
    className="panel panel-default"
    id={null}>
    <div
      className="panel-heading">
      <h4
        className="panel-title"
        role="presentation">
        <a
          aria-controls={undefined}
          aria-expanded={true}
          aria-selected={true}
          className={null}
          href={undefined}
          onClick={[Function]}
          role={undefined}>
          bulbasaur
        </a>
      </h4>
    </div>
    <div
      aria-expanded={null}
      aria-hidden={false}
      className="panel-collapse collapse in"
      id={undefined}
      role={undefined}>
      <div
        className="panel-body">
        <div
          className="container">
          <div
            className="show-grid row">
            <div
              className="col-md-2 col-xs-3">
              <b>
                Nome: 
              </b>
            </div>
            <div
              className="col-md-1 col-xs-2">
              <b>
                CP: 
              </b>
            </div>
            <div
              className="col-md-1 col-xs-2">
              <b>
                Altura: 
              </b>
            </div>
            <div
              className="col-md-1 col-xs-2">
              <b>
                Peso: 
              </b>
            </div>
            <div
              className="col-md-1 col-xs-2">
              <b>
                Ordem: 
              </b>
            </div>
          </div>
          <div
            className="show-grid row">
            <div
              className="col-md-2 col-xs-3">
              bulbasaur
            </div>
            <div
              className="col-md-1 col-xs-2">
              <span
                className="badge">
                64
              </span>
            </div>
            <div
              className="col-md-1 col-xs-2">
              <span
                className="badge">
                7
              </span>
            </div>
            <div
              className="col-md-1 col-xs-2">
              <span
                className="badge">
                69
              </span>
            </div>
            <div
              className="col-md-1 col-xs-2">
              <span
                className="badge">
                1
              </span>
            </div>
          </div>
        </div>
      </div>
    </div>
  </div>
  <div
    className="panel panel-default"
    id={null}>
    <div
      className="panel-heading">
      <h4
        className="panel-title"
        role="presentation">
        <a
          aria-controls={undefined}
          aria-expanded={false}
          aria-selected={false}
          className="collapsed"
          href={undefined}
          onClick={[Function]}
          role={undefined}>
          ivysaur
        </a>
      </h4>
    </div>
    <div
      aria-expanded={null}
      aria-hidden={true}
      className="panel-collapse collapse"
      id={undefined}
      role={undefined}>
      <div
        className="panel-body">
        <div
          className="container">
          <div
            className="show-grid row">
            <div
              className="col-md-2 col-xs-3">
              <b>
                Nome: 
              </b>
            </div>
            <div
              className="col-md-1 col-xs-2">
              <b>
                CP: 
              </b>
            </div>
            <div
              className="col-md-1 col-xs-2">
              <b>
                Altura: 
              </b>
            </div>
            <div
              className="col-md-1 col-xs-2">
              <b>
                Peso: 
              </b>
            </div>
            <div
              className="col-md-1 col-xs-2">
              <b>
                Ordem: 
              </b>
            </div>
          </div>
          <div
            className="show-grid row">
            <div
              className="col-md-2 col-xs-3">
              bulbasaur
            </div>
            <div
              className="col-md-1 col-xs-2">
              <span
                className="badge">
                64
              </span>
            </div>
            <div
              className="col-md-1 col-xs-2">
              <span
                className="badge">
                7
              </span>
            </div>
            <div
              className="col-md-1 col-xs-2">
              <span
                className="badge">
                69
              </span>
            </div>
            <div
              className="col-md-1 col-xs-2">
              <span
                className="badge">
                1
              </span>
            </div>
          </div>
        </div>
      </div>
    </div>
  </div>
</div>
`;
