exports[`PokemonListGroup render correctly 1`] = `
<div
  className="list-group">
  <span
    className="list-group-item">
     
    bulbasaur
     
  </span>
  <span
    className="list-group-item">
     
    ivysaur
     
  </span>
  <ul
    className="pager">
    <button
      className="btn btn-default"
      disabled={true}
      onClick={[Function]}
      onSelect={null}
      type="button">
      Anterior
    </button>
     
    <button
      className="btn btn-default"
      disabled={false}
      onClick={[Function]}
      onSelect={null}
      type="button">
      Próxima
    </button>
  </ul>
</div>
`;
